/Users/raphael_raphix/Movies/l3-2026-fonctions-externes-python/src/bridges/java-bridge/src/main/java/fr/lirmm/bridge/Benchmark.java
/Users/raphael_raphix/Movies/l3-2026-fonctions-externes-python/src/bridges/java-bridge/src/main/java/fr/lirmm/bridge/DemoPrimitives.java
/Users/raphael_raphix/Movies/l3-2026-fonctions-externes-python/src/bridges/java-bridge/src/main/java/fr/lirmm/bridge/ManualDemo.java
/Users/raphael_raphix/Movies/l3-2026-fonctions-externes-python/src/bridges/java-bridge/src/main/java/fr/lirmm/bridge/MonApp.java
/Users/raphael_raphix/Movies/l3-2026-fonctions-externes-python/src/bridges/java-bridge/src/main/java/fr/lirmm/bridge/UniversalRunner.java
/Users/raphael_raphix/Movies/l3-2026-fonctions-externes-python/src/bridges/java-bridge/src/main/java/fr/lirmm/bridge/core/BridgeService.java
/Users/raphael_raphix/Movies/l3-2026-fonctions-externes-python/src/bridges/java-bridge/src/main/java/fr/lirmm/bridge/core/PythonExecutor.java
/Users/raphael_raphix/Movies/l3-2026-fonctions-externes-python/src/bridges/java-bridge/src/main/java/fr/lirmm/bridge/generated/Func_ImInStage.java
/Users/raphael_raphix/Movies/l3-2026-fonctions-externes-python/src/bridges/java-bridge/src/main/java/fr/lirmm/bridge/generated/Func_addition.java
/Users/raphael_raphix/Movies/l3-2026-fonctions-externes-python/src/bridges/java-bridge/src/main/java/fr/lirmm/bridge/generated/Func_addition_simple.java
/Users/raphael_raphix/Movies/l3-2026-fonctions-externes-python/src/bridges/java-bridge/src/main/java/fr/lirmm/bridge/generated/Func_analyse_texte.java
/Users/raphael_raphix/Movies/l3-2026-fonctions-externes-python/src/bridges/java-bridge/src/main/java/fr/lirmm/bridge/generated/Func_calcul_monte_carlo.java
/Users/raphael_raphix/Movies/l3-2026-fonctions-externes-python/src/bridges/java-bridge/src/main/java/fr/lirmm/bridge/generated/Func_calcul_pi.java
/Users/raphael_raphix/Movies/l3-2026-fonctions-externes-python/src/bridges/java-bridge/src/main/java/fr/lirmm/bridge/generated/Func_calcul_python_pur.java
/Users/raphael_raphix/Movies/l3-2026-fonctions-externes-python/src/bridges/java-bridge/src/main/java/fr/lirmm/bridge/generated/Func_calculer_age.java
/Users/raphael_raphix/Movies/l3-2026-fonctions-externes-python/src/bridges/java-bridge/src/main/java/fr/lirmm/bridge/generated/Func_dire_bonjour.java
/Users/raphael_raphix/Movies/l3-2026-fonctions-externes-python/src/bridges/java-bridge/src/main/java/fr/lirmm/bridge/generated/Func_est_grand.java
/Users/raphael_raphix/Movies/l3-2026-fonctions-externes-python/src/bridges/java-bridge/src/main/java/fr/lirmm/bridge/generated/Func_fibonacci_lite.java
/Users/raphael_raphix/Movies/l3-2026-fonctions-externes-python/src/bridges/java-bridge/src/main/java/fr/lirmm/bridge/generated/Func_fibonacci_performance.java
/Users/raphael_raphix/Movies/l3-2026-fonctions-externes-python/src/bridges/java-bridge/src/main/java/fr/lirmm/bridge/generated/Func_formater_message.java
/Users/raphael_raphix/Movies/l3-2026-fonctions-externes-python/src/bridges/java-bridge/src/main/java/fr/lirmm/bridge/generated/Func_inverser_texte.java
/Users/raphael_raphix/Movies/l3-2026-fonctions-externes-python/src/bridges/java-bridge/src/main/java/fr/lirmm/bridge/generated/Func_main.java
/Users/raphael_raphix/Movies/l3-2026-fonctions-externes-python/src/bridges/java-bridge/src/main/java/fr/lirmm/bridge/generated/Func_multiplication.java
/Users/raphael_raphix/Movies/l3-2026-fonctions-externes-python/src/bridges/java-bridge/src/main/java/fr/lirmm/bridge/generated/Func_puissance.java
/Users/raphael_raphix/Movies/l3-2026-fonctions-externes-python/src/bridges/java-bridge/src/main/java/fr/lirmm/bridge/generated/Func_somme_entiers.java
/Users/raphael_raphix/Movies/l3-2026-fonctions-externes-python/src/bridges/java-bridge/src/main/java/fr/lirmm/bridge/generated/Func_sum_interval.java
/Users/raphael_raphix/Movies/l3-2026-fonctions-externes-python/src/bridges/java-bridge/src/main/java/fr/lirmm/bridge/generated/Func_super_algo.java
/Users/raphael_raphix/Movies/l3-2026-fonctions-externes-python/src/bridges/java-bridge/src/main/java/fr/lirmm/bridge/generated/Func_test_primitifs.java
/Users/raphael_raphix/Movies/l3-2026-fonctions-externes-python/src/bridges/java-bridge/src/main/java/fr/lirmm/bridge/impl/grpc/GrpcPythonExecutor.java
/Users/raphael_raphix/Movies/l3-2026-fonctions-externes-python/src/bridges/java-bridge/target_clean/generated-sources/protobuf/grpc-java/fr/lirmm/bridge/grpc/BridgeServiceGrpc.java
/Users/raphael_raphix/Movies/l3-2026-fonctions-externes-python/src/bridges/java-bridge/target_clean/generated-sources/protobuf/java/fr/lirmm/bridge/grpc/BridgeProto.java
/Users/raphael_raphix/Movies/l3-2026-fonctions-externes-python/src/bridges/java-bridge/target_clean/generated-sources/protobuf/java/fr/lirmm/bridge/grpc/Empty.java
/Users/raphael_raphix/Movies/l3-2026-fonctions-externes-python/src/bridges/java-bridge/target_clean/generated-sources/protobuf/java/fr/lirmm/bridge/grpc/EmptyOrBuilder.java
/Users/raphael_raphix/Movies/l3-2026-fonctions-externes-python/src/bridges/java-bridge/target_clean/generated-sources/protobuf/java/fr/lirmm/bridge/grpc/FunctionList.java
/Users/raphael_raphix/Movies/l3-2026-fonctions-externes-python/src/bridges/java-bridge/target_clean/generated-sources/protobuf/java/fr/lirmm/bridge/grpc/FunctionListOrBuilder.java
/Users/raphael_raphix/Movies/l3-2026-fonctions-externes-python/src/bridges/java-bridge/target_clean/generated-sources/protobuf/java/fr/lirmm/bridge/grpc/FunctionRequest.java
/Users/raphael_raphix/Movies/l3-2026-fonctions-externes-python/src/bridges/java-bridge/target_clean/generated-sources/protobuf/java/fr/lirmm/bridge/grpc/FunctionRequestOrBuilder.java
/Users/raphael_raphix/Movies/l3-2026-fonctions-externes-python/src/bridges/java-bridge/target_clean/generated-sources/protobuf/java/fr/lirmm/bridge/grpc/FunctionResponse.java
/Users/raphael_raphix/Movies/l3-2026-fonctions-externes-python/src/bridges/java-bridge/target_clean/generated-sources/protobuf/java/fr/lirmm/bridge/grpc/FunctionResponseOrBuilder.java
